// Jest Snapshot v1, https://goo.gl/fbAQLP

exports[`Should throw an error if called without choices 1`] = `"No scripts available"`;
