// Jest Snapshot v1, https://goo.gl/fbAQLP

exports[`Should throw an error if called params that are not a string nr an array 1`] = `"[object Object] should be an array or a string"`;
